// Jest Snapshot v1, https://goo.gl/fbAQLP

exports[`renders DashboardPage component 1`] = `
<div>
  Dashboard page content
</div>
`;
